bench yes
bench start 63 period_us 5804
> bench 0 idle halves 345 sum_us 243271 max_us 720 late 0
bench 1 K808 halves 344 sum_us 799491 max_us 2491 late 0
bench 2 K808+fx halves 350 sum_us 1190435 max_us 3575 late 0
bench 3 K909 halves 345 sum_us 783197 max_us 2448 late 0
bench 4 K909+fx halves 345 sum_us 1154641 max_us 3542 late 0
bench 5 S808 halves 345 sum_us 870996 max_us 2703 late 0
bench 6 S808+fx halves 352 sum_us 1268394 max_us 3782 late 0
bench 7 S909 halves 346 sum_us 948307 max_us 2912 late 0
bench 8 S909+fx halves 345 sum_us 1321376 max_us 4014 late 0
bench 9 C808 halves 346 sum_us 698106 max_us 2193 late 0
bench 10 C808+fx halves 348 sum_us 1077320 max_us 3270 late 0
bench 11 C909 halves 344 sum_us 694384 max_us 2177 late 0
bench 12 C909+fx halves 346 sum_us 1071779 max_us 3272 late 0
bench 13 HATC halves 345 sum_us 357166 max_us 1201 late 0
bench 14 HATC+fx halves 345 sum_us 404085 max_us 1339 late 0
bench 15 HATO halves 344 sum_us 356081 max_us 1204 late 0
bench 16 HATO+fx halves 344 sum_us 402697 max_us 1343 late 0
bench 17 CYMB halves 349 sum_us 798377 max_us 2496 late 0
bench 18 CYMB+fx halves 345 sum_us 1160747 max_us 3581 late 0
bench 19 COWB halves 350 sum_us 714722 max_us 2211 late 0
bench 20 COWB+fx halves 344 sum_us 1071632 max_us 3296 late 0
bench 21 TOM halves 344 sum_us 859636 max_us 2715 late 0
bench 22 TOM+fx halves 346 sum_us 1235720 max_us 3800 late 0
bench 23 CONGA halves 346 sum_us 768212 max_us 2435 late 0
bench 24 CONGA+fx halves 347 sum_us 1142511 max_us 3512 late 0
bench 25 RIM halves 345 sum_us 790174 max_us 2422 late 0
bench 26 RIM+fx halves 347 sum_us 1167008 max_us 3505 late 0
bench 27 CLAVE halves 345 sum_us 762415 max_us 2378 late 0
bench 28 CLAVE+fx halves 351 sum_us 1152195 max_us 3449 late 0
bench 29 SMPL halves 344 sum_us 997427 max_us 3144 late 0
bench 30 SMPL+fx halves 347 sum_us 1378123 max_us 4223 late 0
bench 31 KBOOM halves 349 sum_us 909938 max_us 2909 late 0
bench 32 KBOOM+fx halves 347 sum_us 1097039 max_us 3484 late 0
bench 33 KPUNC halves 351 sum_us 952837 max_us 2872 late 0
bench 34 KPUNC+fx halves 346 sum_us 1132036 max_us 3448 late 0
bench 35 SSNAP halves 344 sum_us 982499 max_us 3069 late 0
bench 36 SSNAP+fx halves 347 sum_us 1181023 max_us 3635 late 0
bench 37 SCRAK halves 349 sum_us 878187 max_us 2782 late 0
bench 38 SCRAK+fx halves 345 sum_us 1057206 max_us 3339 late 0
bench 39 HMETL halves 345 sum_us 404800 max_us 1375 late 0
bench 40 HMETL+fx halves 350 sum_us 457975 max_us 1512 late 0
bench 41 HNOIS halves 346 sum_us 550050 max_us 1792 late 0
bench 42 HNOIS+fx halves 346 sum_us 596527 max_us 1932 late 0
bench 43 MEMB halves 348 sum_us 1159022 max_us 3755 late 0
bench 44 MEMB+fx halves 349 sum_us 1353897 max_us 4260 late 0
bench 45 S909-reson-STRNGx8 halves 344 sum_us 1323759 max_us 4032 late 0
bench 46 S909-reson-STRNGx4 halves 344 sum_us 1131157 max_us 3482 late 0
bench 47 S909-reson-PIPEx8 halves 345 sum_us 1328357 max_us 4026 late 0
bench 48 S909-reson-PIPEx4 halves 344 sum_us 1131375 max_us 3466 late 0
bench 49 S909-reson-CHORDx8 halves 344 sum_us 2081426 max_us 6232 late 344
bench 50 S909-reson-CHORDx2 halves 344 sum_us 1225955 max_us 3754 late 0
bench 51 S909-reson-MODALx8 halves 344 sum_us 2432020 max_us 7258 late 344
bench 52 S909-reson-MODALx2 halves 348 sum_us 1328415 max_us 4016 late 0
bench 53 heavy halves 345 sum_us 824272 max_us 3666 late 0
bench 54 heavy-layer halves 346 sum_us 656428 max_us 3184 late 0
bench 55 heavy-dist halves 344 sum_us 745439 max_us 2960 late 0
bench 56 heavy-slicer halves 351 sum_us 741386 max_us 3102 late 0
bench 57 heavy-chorus halves 351 sum_us 839048 max_us 3640 late 0
bench 58 heavy-delay halves 351 sum_us 840978 max_us 3647 late 0
bench 59 heavy-reverb halves 344 sum_us 818335 max_us 3638 late 0
bench 60 heavy-reson halves 351 sum_us 759402 max_us 3100 late 0
bench 61 phys-heavy halves 345 sum_us 1678579 max_us 5730 late 48
bench 62 phys-heavy-reson halves 345 sum_us 900077 max_us 3388 late 0
bench done
